// Jest Snapshot v1, https://goo.gl/fbAQLP

exports[`AssistantMessage renders mixed content with code blocks and text 1`] = `
<div>
  <div
    class="MuiBox-root css-1w1vbxm"
  >
    <div
      class="MuiPaper-root MuiPaper-elevation MuiPaper-rounded MuiPaper-elevation2 css-1bnegej-MuiPaper-root"
      style="--Paper-shadow: 0px 3px 1px -2px rgba(0,0,0,0.2),0px 2px 2px 0px rgba(0,0,0,0.14),0px 1px 5px 0px rgba(0,0,0,0.12);"
    >
      <svg
        aria-hidden="true"
        class="MuiSvgIcon-root MuiSvgIcon-fontSizeMedium css-vsuxn2-MuiSvgIcon-root"
        data-testid="SmartToyIcon"
        focusable="false"
        viewBox="0 0 24 24"
      >
        <path
          d="M20 9V7c0-1.1-.9-2-2-2h-3c0-1.66-1.34-3-3-3S9 3.34 9 5H6c-1.1 0-2 .9-2 2v2c-1.66 0-3 1.34-3 3s1.34 3 3 3v4c0 1.1.9 2 2 2h12c1.1 0 2-.9 2-2v-4c1.66 0 3-1.34 3-3s-1.34-3-3-3M7.5 11.5c0-.83.67-1.5 1.5-1.5s1.5.67 1.5 1.5S9.83 13 9 13s-1.5-.67-1.5-1.5M16 17H8v-2h8zm-1-4c-.83 0-1.5-.67-1.5-1.5S14.17 10 15 10s1.5.67 1.5 1.5S15.83 13 15 13"
        />
      </svg>
      <div
        class="MuiTypography-root MuiTypography-body1 css-rizt0-MuiTypography-root"
      >
        <div
          data-testid="markdown-content"
        >
          <span>
            Here is some code:

          </span>
          <div
            class="MuiBox-root css-1od93p9"
          >
            <div
              data-testid="code-block"
            >
              console.log("hello");
            </div>
          </div>
          <span>
            
And more text
          </span>
        </div>
      </div>
      <button
        aria-label="Copy entire message"
        class="MuiButtonBase-root MuiIconButton-root MuiIconButton-sizeMedium css-1tnv0fq-MuiButtonBase-root-MuiIconButton-root"
        data-mui-internal-clone-element="true"
        tabindex="0"
        type="button"
      >
        <svg
          aria-hidden="true"
          class="MuiSvgIcon-root MuiSvgIcon-fontSizeSmall css-120dh41-MuiSvgIcon-root"
          data-testid="ContentCopyIcon"
          focusable="false"
          viewBox="0 0 24 24"
        >
          <path
            d="M16 1H4c-1.1 0-2 .9-2 2v14h2V3h12zm3 4H8c-1.1 0-2 .9-2 2v14c0 1.1.9 2 2 2h11c1.1 0 2-.9 2-2V7c0-1.1-.9-2-2-2m0 16H8V7h11z"
          />
        </svg>
      </button>
    </div>
  </div>
</div>
`;
